// Jest Snapshot v1, https://goo.gl/fbAQLP

exports[`<WeatherComponent /> spec renders an error on a API error 1`] = `
<DocumentFragment>
  <div
    class="component weather placeholder"
  >
    Error loading weather
  </div>
</DocumentFragment>
`;

exports[`<WeatherComponent /> spec renders the component 1`] = `
<DocumentFragment>
  <div
    class="component weather"
    data-testid="weather-component-1"
  >
    <div
      class="top-row"
    >
      <div
        class="current-weather"
      >
        <div
          class="main-weather-icon"
        >
          <svg
            height="128"
            viewBox="0 0 128 128"
            width="128"
            xmlns="http://www.w3.org/2000/svg"
          >
            <title>
              Clouds
            </title>
            <g
              fill="none"
              fill-rule="evenodd"
            >
              <path
                d="M0 0h128v128H0z"
                fill="#FFF"
              />
              <path
                d="M42.55 89.974C32.772 89.454 25 81.158 25 71c0-10.493 8.294-19 18.525-19 2.19 0 4.29.39 6.24 1.105C51.517 44.48 58.97 38 67.9 38c9.904 0 17.993 7.971 18.5 18h.025C95.579 56 103 63.611 103 73s-7.42 17-16.575 17H42.55v-.026z"
                fill="#DDE1E6"
                fill-opacity="0.8"
              />
            </g>
          </svg>
        </div>
        <div
          class="current-temp-and-condition"
        >
          <div
            class="current-temp"
          >
            78°F
          </div>
          <div
            class="current-condition"
          >
            Cloudy
          </div>
        </div>
      </div>
      <div
        class="location"
      >
        New York, NY
      </div>
    </div>
    <div
      class="bottom-row"
    >
      <div
        class="weather-icon"
      >
        <svg
          height="128"
          viewBox="0 0 128 128"
          width="128"
          xmlns="http://www.w3.org/2000/svg"
        >
          <title>
            Clouds
          </title>
          <g
            fill="none"
            fill-rule="evenodd"
          >
            <path
              d="M0 0h128v128H0z"
              fill="#FFF"
            />
            <path
              d="M42.55 89.974C32.772 89.454 25 81.158 25 71c0-10.493 8.294-19 18.525-19 2.19 0 4.29.39 6.24 1.105C51.517 44.48 58.97 38 67.9 38c9.904 0 17.993 7.971 18.5 18h.025C95.579 56 103 63.611 103 73s-7.42 17-16.575 17H42.55v-.026z"
              fill="#DDE1E6"
              fill-opacity="0.8"
            />
          </g>
        </svg>
        Fri
      </div>
      <div
        class="weather-icon"
      >
        <svg
          height="128"
          viewBox="0 0 128 128"
          width="128"
          xmlns="http://www.w3.org/2000/svg"
        >
          <title>
            Clouds
          </title>
          <g
            fill="none"
            fill-rule="evenodd"
          >
            <path
              d="M0 0h128v128H0z"
              fill="#FFF"
            />
            <path
              d="M42.55 89.974C32.772 89.454 25 81.158 25 71c0-10.493 8.294-19 18.525-19 2.19 0 4.29.39 6.24 1.105C51.517 44.48 58.97 38 67.9 38c9.904 0 17.993 7.971 18.5 18h.025C95.579 56 103 63.611 103 73s-7.42 17-16.575 17H42.55v-.026z"
              fill="#DDE1E6"
              fill-opacity="0.8"
            />
          </g>
        </svg>
        Sat
      </div>
      <div
        class="weather-icon"
      >
        <svg
          height="128"
          viewBox="0 0 128 128"
          width="128"
          xmlns="http://www.w3.org/2000/svg"
        >
          <title>
            Rain
          </title>
          <g
            fill="none"
            fill-rule="evenodd"
          >
            <path
              d="M0 0h128v128H0z"
              fill="#FFF"
            />
            <path
              d="M42.55 85.974C32.772 85.454 25 77.158 25 67c0-10.493 8.294-19 18.525-19 2.19 0 4.29.39 6.24 1.105C51.517 40.48 58.97 34 67.9 34c9.904 0 17.993 7.971 18.5 18h.025C95.579 52 103 59.611 103 69s-7.42 17-16.575 17H42.55v-.026z"
              fill="#DDE1E6"
            />
            <path
              d="M77 92c0-1.105.888-2 2-2 1.105 0 2 .887 2 2v6c0 1.105-.888 2-2 2-1.105 0-2-.887-2-2v-6zm-10-.006c0-1.101.888-1.994 2-1.994 1.105 0 2 .895 2 1.994v12.012A1.992 1.992 0 0169 106c-1.105 0-2-.895-2-1.994V91.994zM57 92c0-1.105.888-2 2-2 1.105 0 2 .887 2 2v6c0 1.105-.888 2-2 2-1.105 0-2-.887-2-2v-6zm-10-.006c0-1.101.888-1.994 2-1.994 1.105 0 2 .895 2 1.994v12.012A1.992 1.992 0 0149 106c-1.105 0-2-.895-2-1.994V91.994z"
              fill="#1994FF"
            />
          </g>
        </svg>
        Sun
      </div>
    </div>
  </div>
</DocumentFragment>
`;

exports[`<WeatherComponent /> spec renders when specifed through the component panel 1`] = `
<DocumentFragment>
  <div
    class="component weather"
    data-testid="weather-component-1"
  >
    <div
      class="top-row"
    >
      <div
        class="current-weather"
      >
        <div
          class="main-weather-icon"
        >
          <svg
            height="128"
            viewBox="0 0 128 128"
            width="128"
            xmlns="http://www.w3.org/2000/svg"
          >
            <title>
              Clouds
            </title>
            <g
              fill="none"
              fill-rule="evenodd"
            >
              <path
                d="M0 0h128v128H0z"
                fill="#FFF"
              />
              <path
                d="M42.55 89.974C32.772 89.454 25 81.158 25 71c0-10.493 8.294-19 18.525-19 2.19 0 4.29.39 6.24 1.105C51.517 44.48 58.97 38 67.9 38c9.904 0 17.993 7.971 18.5 18h.025C95.579 56 103 63.611 103 73s-7.42 17-16.575 17H42.55v-.026z"
                fill="#DDE1E6"
                fill-opacity="0.8"
              />
            </g>
          </svg>
        </div>
        <div
          class="current-temp-and-condition"
        >
          <div
            class="current-temp"
          >
            78°F
          </div>
          <div
            class="current-condition"
          >
            Cloudy
          </div>
        </div>
      </div>
      <div
        class="location"
      >
        New York, NY
      </div>
    </div>
    <div
      class="bottom-row"
    >
      <div
        class="weather-icon"
      >
        <svg
          height="128"
          viewBox="0 0 128 128"
          width="128"
          xmlns="http://www.w3.org/2000/svg"
        >
          <title>
            Clouds
          </title>
          <g
            fill="none"
            fill-rule="evenodd"
          >
            <path
              d="M0 0h128v128H0z"
              fill="#FFF"
            />
            <path
              d="M42.55 89.974C32.772 89.454 25 81.158 25 71c0-10.493 8.294-19 18.525-19 2.19 0 4.29.39 6.24 1.105C51.517 44.48 58.97 38 67.9 38c9.904 0 17.993 7.971 18.5 18h.025C95.579 56 103 63.611 103 73s-7.42 17-16.575 17H42.55v-.026z"
              fill="#DDE1E6"
              fill-opacity="0.8"
            />
          </g>
        </svg>
        Fri
      </div>
      <div
        class="weather-icon"
      >
        <svg
          height="128"
          viewBox="0 0 128 128"
          width="128"
          xmlns="http://www.w3.org/2000/svg"
        >
          <title>
            Clouds
          </title>
          <g
            fill="none"
            fill-rule="evenodd"
          >
            <path
              d="M0 0h128v128H0z"
              fill="#FFF"
            />
            <path
              d="M42.55 89.974C32.772 89.454 25 81.158 25 71c0-10.493 8.294-19 18.525-19 2.19 0 4.29.39 6.24 1.105C51.517 44.48 58.97 38 67.9 38c9.904 0 17.993 7.971 18.5 18h.025C95.579 56 103 63.611 103 73s-7.42 17-16.575 17H42.55v-.026z"
              fill="#DDE1E6"
              fill-opacity="0.8"
            />
          </g>
        </svg>
        Sat
      </div>
      <div
        class="weather-icon"
      >
        <svg
          height="128"
          viewBox="0 0 128 128"
          width="128"
          xmlns="http://www.w3.org/2000/svg"
        >
          <title>
            Rain
          </title>
          <g
            fill="none"
            fill-rule="evenodd"
          >
            <path
              d="M0 0h128v128H0z"
              fill="#FFF"
            />
            <path
              d="M42.55 85.974C32.772 85.454 25 77.158 25 67c0-10.493 8.294-19 18.525-19 2.19 0 4.29.39 6.24 1.105C51.517 40.48 58.97 34 67.9 34c9.904 0 17.993 7.971 18.5 18h.025C95.579 52 103 59.611 103 69s-7.42 17-16.575 17H42.55v-.026z"
              fill="#DDE1E6"
            />
            <path
              d="M77 92c0-1.105.888-2 2-2 1.105 0 2 .887 2 2v6c0 1.105-.888 2-2 2-1.105 0-2-.887-2-2v-6zm-10-.006c0-1.101.888-1.994 2-1.994 1.105 0 2 .895 2 1.994v12.012A1.992 1.992 0 0169 106c-1.105 0-2-.895-2-1.994V91.994zM57 92c0-1.105.888-2 2-2 1.105 0 2 .887 2 2v6c0 1.105-.888 2-2 2-1.105 0-2-.887-2-2v-6zm-10-.006c0-1.101.888-1.994 2-1.994 1.105 0 2 .895 2 1.994v12.012A1.992 1.992 0 0149 106c-1.105 0-2-.895-2-1.994V91.994z"
              fill="#1994FF"
            />
          </g>
        </svg>
        Sun
      </div>
    </div>
  </div>
</DocumentFragment>
`;
